﻿
> workspace-1-antigravity@0.0.0 build
> vite build && node -e "require('fs').copyFileSync('dist/index.html', 'dist/404.html')"

[36mvite v5.4.21 [32mbuilding for production...[36m[39m
transforming...
[32mÔ£ô[39m 1786 modules transformed.
node.exe : [31mx[39m Build failed in 9.66s
No linha:1 caractere:1
+ & "C:\Program Files\nodejs/node.exe" "C:\Program Files\nodejs/node_mo ...
+ ~~~~~~~~~~~~~~~~~~~~~~~~~~~~~~~~~~~~~~~~~~~~~~~~~~~~~~~~~~~~~~~~~~~~~
    + CategoryInfo          : NotSpecified: ([31mx[39m Build failed in 9.66s:String) [], RemoteException
    + FullyQualifiedErrorId : NativeCommandError
 
[31merror during build:
[31m[vite:esbuild] Transform failed with 4 errors:
C:/Users/Godoy/Documents/HTML/WorkSpace 1 Antigravity/src/components/SubscriberModal.jsx:1521:10: ERROR: The symbol 
"totalToConsolidate" has already been declared
C:/Users/Godoy/Documents/HTML/WorkSpace 1 Antigravity/src/components/SubscriberModal.jsx:2413:30: ERROR: Unexpected 
closing "div" tag does not match opening "form" tag
C:/Users/Godoy/Documents/HTML/WorkSpace 1 Antigravity/src/components/SubscriberModal.jsx:2638:22: ERROR: Unexpected 
closing "form" tag does not match opening "div" tag
C:/Users/Godoy/Documents/HTML/WorkSpace 1 Antigravity/src/components/SubscriberModal.jsx:2642:12: ERROR: Expected ")" 
but found "{"[31m
file: [36mC:/Users/Godoy/Documents/HTML/WorkSpace 1 Antigravity/src/components/SubscriberModal.jsx:1521:10[31m
[33m
[33mThe symbol "totalToConsolidate" has already been declared[33m
1519|      );
1520|  
1521|      const totalToConsolidate = invoices
   |            ^
1522|          .filter(inv => {
1523|              const status = inv.status?.trim().toLowerCase();

[33mUnexpected closing "div" tag does not match opening "form" tag[33m
2411|                          )}
2412|  
2413|                              </div>
   |                                ^
2414|                          )}
2415|  

[33mUnexpected closing "form" tag does not match opening "div" tag[33m
2636|                              </div>
2637|                          </div>
2638|                      </form>
   |                        ^
2639|                  </div>
2640|              </div>

[33mExpected ")" but found "{"[33m
2640|              </div>
2641|  
2642|              {showHistory && subscriber && (
   |              ^
2643|                  <HistoryTimeline
2644|                      entityType="subscriber"
[31m
    at failureErrorWithLog (C:\Users\Godoy\Documents\HTML\WorkSpace 1 
Antigravity\node_modules\esbuild\lib\main.js:1472:15)
    at C:\Users\Godoy\Documents\HTML\WorkSpace 1 Antigravity\node_modules\esbuild\lib\main.js:755:50
    at responseCallbacks.<computed> (C:\Users\Godoy\Documents\HTML\WorkSpace 1 
Antigravity\node_modules\esbuild\lib\main.js:622:9)
    at handleIncomingPacket (C:\Users\Godoy\Documents\HTML\WorkSpace 1 
Antigravity\node_modules\esbuild\lib\main.js:677:12)
    at Socket.readFromStdout (C:\Users\Godoy\Documents\HTML\WorkSpace 1 
Antigravity\node_modules\esbuild\lib\main.js:600:7)
    at Socket.emit (node:events:508:28)
    at addChunk (node:internal/streams/readable:559:12)
    at readableAddChunkPushByteMode (node:internal/streams/readable:510:3)
    at Readable.push (node:internal/streams/readable:390:5)
    at Pipe.onStreamRead (node:internal/stream_base_commons:189:23)[39m
